=== REVIVAL ===
REVIVAL t=  1500 distractor=0.977 category=0.633 proto=0.0016
REVIVAL t=  3000 distractor=0.836 category=0.508 proto=0.0050
REVIVAL t=  4500 distractor=0.770 category=0.457 proto=0.0043
REVIVAL t=  6000 distractor=0.961 category=0.551 proto=0.0043
REVIVAL t=  7500 distractor=0.715 category=0.492 proto=0.0043
REVIVAL t=  9000 distractor=0.547 category=0.562 proto=0.0193
REVIVAL t= 10500 distractor=1.000 category=0.469 proto=0.0169
REVIVAL t= 12000 distractor=0.785 category=0.574 proto=0.0169
REVIVAL t= 13500 distractor=0.602 category=0.500 proto=0.0169
REVIVAL t= 15000 distractor=0.930 category=0.535 proto=0.0093
REVIVAL t= 16500 distractor=0.992 category=0.512 proto=0.0093
REVIVAL t= 18000 distractor=0.816 category=0.512 proto=0.0093
REVIVAL t= 19500 distractor=0.746 category=0.590 proto=0.0093
REVIVAL t= 21000 distractor=0.941 category=0.512 proto=0.0091
REVIVAL t= 22500 distractor=0.793 category=0.523 proto=0.0091
REVIVAL t= 24000 distractor=0.859 category=0.531 proto=0.0091
REVIVAL t= 25500 distractor=0.730 category=0.539 proto=0.0091
REVIVAL t= 27000 distractor=0.766 category=0.473 proto=0.0091
REVIVAL t= 28500 distractor=0.898 category=0.504 proto=0.0091
REVIVAL t= 30000 distractor=0.488 category=0.438 proto=0.0091
=== LEGACY ===
LEGACY t=  1500 distractor=0.977 category=0.633 proto=0.0000
LEGACY t=  3000 distractor=0.922 category=0.535 proto=0.0000
LEGACY t=  4500 distractor=0.781 category=0.445 proto=0.0000
LEGACY t=  6000 distractor=0.973 category=0.574 proto=0.0000
LEGACY t=  7500 distractor=0.488 category=0.500 proto=0.0000
LEGACY t=  9000 distractor=0.762 category=0.547 proto=0.0000
LEGACY t= 10500 distractor=0.980 category=0.473 proto=0.0000
LEGACY t= 12000 distractor=0.789 category=0.520 proto=0.0000
LEGACY t= 13500 distractor=0.508 category=0.484 proto=0.0003
LEGACY t= 15000 distractor=0.586 category=0.500 proto=0.0005
LEGACY t= 16500 distractor=0.625 category=0.445 proto=0.0000
LEGACY t= 18000 distractor=0.609 category=0.492 proto=0.0001
LEGACY t= 19500 distractor=0.504 category=0.449 proto=0.0006
LEGACY t= 21000 distractor=0.723 category=0.504 proto=0.0005
LEGACY t= 22500 distractor=0.992 category=0.508 proto=0.0000
LEGACY t= 24000 distractor=0.984 category=0.547 proto=0.0002
LEGACY t= 25500 distractor=0.684 category=0.535 proto=0.0005
LEGACY t= 27000 distractor=0.766 category=0.512 proto=0.0005
LEGACY t= 28500 distractor=0.637 category=0.535 proto=0.0002
LEGACY t= 30000 distractor=0.730 category=0.566 proto=0.0003
